
Memory Configuration

Name             Origin             Length             Attributes
RAM              0x00000000         0x00008000         rw
ROM              0x00010000         0x00004000         xr
SDRAM            0x01000000         0x02000000         xrw
*default*        0x00000000         0xffffffff

Linker script and memory map

LOAD build/storm_startup_code.o
LOAD main.o
LOAD d:/winarm/bin/../lib/gcc/arm-elf/4.1.1/../../../../arm-elf/lib/be\libc.a
LOAD d:/winarm/bin/../lib/gcc/arm-elf/4.1.1/../../../../arm-elf/lib/be\libm.a
LOAD d:/winarm/bin/../lib/gcc/arm-elf/4.1.1/../../../../arm-elf/lib/be\libc.a
LOAD d:/winarm/bin/../lib/gcc/arm-elf/4.1.1/be\libgcc.a
START GROUP
LOAD d:/winarm/bin/../lib/gcc/arm-elf/4.1.1/be\libgcc.a
LOAD d:/winarm/bin/../lib/gcc/arm-elf/4.1.1/../../../../arm-elf/lib/be\libg.a
LOAD d:/winarm/bin/../lib/gcc/arm-elf/4.1.1/../../../../arm-elf/lib/be\libc.a
END GROUP
                0x00004000                STACK_SIZE = 0x4000

.text           0x00000000      0xa98
 *storm_startup_code.o(.text)
 .text          0x00000000      0x290 build/storm_startup_code.o
                0x00000100                reset
                0x00000000                _boot
                0x00000050                _mainCRTStartup
                0x00000100                abort
                0x00000050                _start
                0x00000100                _reset
                0x00000100                exit
                0x00000050                start
 *(.text)
 .text          0x00000290      0x7c4 main.o
                0x000004a0                io_spi0_disable
                0x000002b4                io_set_gpio0_pin
                0x000002f4                io_toggle_gpio0_pin
                0x00000824                string_cmpc
                0x00000310                io_set_gpio0_port
                0x000002d0                io_clr_gpio0_pin
                0x000004c4                io_i2c0_speed
                0x00000440                io_spi0_speed
                0x000007bc                get_adc
                0x000008a4                uart0_scanf
                0x00000484                io_spi0_enable
                0x00000a34                io_enable_xint
                0x0000044c                io_spi0_trans
                0x000004f0                io_i2c0_byte_transfer
                0x000006f8                set_syscpreg
                0x00000900                uart0_print_buffer
                0x0000086c                uart0_printf
                0x00000944                main
                0x0000074c                long_to_hex_string
                0x0000031c                io_set_pwm
                0x000007fc                delay
                0x00000620                get_syscpreg
                0x000003e8                io_uart0_read_byte
                0x0000041c                io_spi0_config
                0x00000400                io_uart0_send_byte
                0x00000924                qbytes_to_long
                0x00000a44                io_disable_xint
                0x00000290                io_read_gpio0_pin
                0x000002a8                io_read_gpio0_port
                0x00000398                io_get_pwm
 *(.rodata)
 .rodata        0x00000a54        0x4 main.o
 *(.rodata*)
 .rodata.str1.4
                0x00000a58       0x40 main.o
 *(.glue_7)
 .glue_7        0x00000a98        0x0 build/storm_startup_code.o
 .glue_7        0x00000a98        0x0 main.o
 *(.glue_7t)
 .glue_7t       0x00000a98        0x0 build/storm_startup_code.o
 .glue_7t       0x00000a98        0x0 main.o
                0x00000a98                . = ALIGN (0x4)
                0x00000a98                _etext = .
                0x00000a98                PROVIDE (etext, .)

.data           0x00000a98        0x0
                0x00000a98                _data = .
 *(.data)
 .data          0x00000a98        0x0 build/storm_startup_code.o
 .data          0x00000a98        0x0 main.o
                0x00000a98                . = ALIGN (0x4)
                0x00000a98                _edata = .
                0x00000a98                PROVIDE (edata, .)

.bss            0x00000a98        0x0
                0x00000a98                __bss_start = .
                0x00000a98                __bss_start__ = .
 *(.bss)
 .bss           0x00000a98        0x0 build/storm_startup_code.o
 .bss           0x00000a98        0x0 main.o
 *(COMMON)
                0x00000a98                . = ALIGN (0x4)
                0x00000a98                . = ALIGN (0x4)
                0x00000a98                __bss_end__ = .
                0x00000a98                PROVIDE (__bss_end, .)

.stack          0x00000b00     0x4000
                0x00004b00                . = (. + STACK_SIZE)
 *fill*         0x00000b00     0x4000 00
                0x00004b00                PROVIDE (_stack, .)
                0x00004b00                _end = .
                0x00004b00                PROVIDE (end, .)

.stab
 *(.stab)

.stabstr
 *(.stabstr)

.stab.excl
 *(.stab.excl)

.stab.exclstr
 *(.stab.exclstr)

.stab.index
 *(.stab.index)

.stab.indexstr
 *(.stab.indexstr)

.comment        0x00000000       0x1b
 *(.comment)
 .comment       0x00000000       0x1b main.o

.debug
 *(.debug)

.line
 *(.line)

.debug_srcinfo
 *(.debug_srcinfo)

.debug_sfnames
 *(.debug_sfnames)

.debug_aranges  0x00000000       0x40
 *(.debug_aranges)
 .debug_aranges
                0x00000000       0x20 build/storm_startup_code.o
 .debug_aranges
                0x00000020       0x20 main.o

.debug_pubnames
                0x00000000      0x247
 *(.debug_pubnames)
 .debug_pubnames
                0x00000000      0x247 main.o

.debug_info     0x00000000      0x81c
 *(.debug_info .gnu.linkonce.wi.*)
 .debug_info    0x00000000       0x68 build/storm_startup_code.o
 .debug_info    0x00000068      0x7b4 main.o

.debug_abbrev   0x00000000      0x259
 *(.debug_abbrev)
 .debug_abbrev  0x00000000       0x14 build/storm_startup_code.o
 .debug_abbrev  0x00000014      0x245 main.o

.debug_line     0x00000000      0x2db
 *(.debug_line)
 .debug_line    0x00000000       0xeb build/storm_startup_code.o
 .debug_line    0x000000eb      0x1f0 main.o

.debug_frame    0x00000000      0x244
 *(.debug_frame)
 .debug_frame   0x00000000      0x244 main.o

.debug_str      0x00000000      0x2e1
 *(.debug_str)
 .debug_str     0x00000000      0x2e1 main.o
                                0x31c (size before relaxing)

.debug_loc      0x00000000      0x6e9
 *(.debug_loc)
 .debug_loc     0x00000000      0x6e9 main.o

.debug_macinfo
 *(.debug_macinfo)

.debug_weaknames
 *(.debug_weaknames)

.debug_funcnames
 *(.debug_funcnames)

.debug_typenames
 *(.debug_typenames)

.debug_varnames
 *(.debug_varnames)
OUTPUT(main.elf elf32-bigarm)

Cross Reference Table

Symbol                                            File
__bss_end__                                       build/storm_startup_code.o
__bss_start                                       build/storm_startup_code.o
_boot                                             build/storm_startup_code.o
_data                                             build/storm_startup_code.o
_edata                                            build/storm_startup_code.o
_etext                                            build/storm_startup_code.o
_mainCRTStartup                                   build/storm_startup_code.o
_reset                                            build/storm_startup_code.o
_stack                                            build/storm_startup_code.o
_start                                            build/storm_startup_code.o
abort                                             build/storm_startup_code.o
delay                                             main.o
exit                                              build/storm_startup_code.o
get_adc                                           main.o
get_syscpreg                                      main.o
io_clr_gpio0_pin                                  main.o
io_disable_xint                                   main.o
io_enable_xint                                    main.o
io_get_pwm                                        main.o
io_i2c0_byte_transfer                             main.o
io_i2c0_speed                                     main.o
io_read_gpio0_pin                                 main.o
io_read_gpio0_port                                main.o
io_set_gpio0_pin                                  main.o
io_set_gpio0_port                                 main.o
io_set_pwm                                        main.o
io_spi0_config                                    main.o
io_spi0_disable                                   main.o
io_spi0_enable                                    main.o
io_spi0_speed                                     main.o
io_spi0_trans                                     main.o
io_toggle_gpio0_pin                               main.o
io_uart0_read_byte                                main.o
io_uart0_send_byte                                main.o
long_to_hex_string                                main.o
main                                              main.o
                                                  build/storm_startup_code.o
qbytes_to_long                                    main.o
reset                                             build/storm_startup_code.o
set_syscpreg                                      main.o
start                                             build/storm_startup_code.o
string_cmpc                                       main.o
uart0_print_buffer                                main.o
uart0_printf                                      main.o
uart0_scanf                                       main.o
