
Memory Configuration

Name             Origin             Length             Attributes
ROM              0x00010000         0x00004000         xr
RAM              0x00000000         0x00008000         rw
*default*        0x00000000         0xffffffff

Linker script and memory map

LOAD build/storm_startup_code.o
LOAD main.o
LOAD d:/winarm/bin/../lib/gcc/arm-elf/4.1.1/../../../../arm-elf/lib/be\libc.a
LOAD d:/winarm/bin/../lib/gcc/arm-elf/4.1.1/../../../../arm-elf/lib/be\libm.a
LOAD d:/winarm/bin/../lib/gcc/arm-elf/4.1.1/../../../../arm-elf/lib/be\libc.a
LOAD d:/winarm/bin/../lib/gcc/arm-elf/4.1.1/be\libgcc.a
START GROUP
LOAD d:/winarm/bin/../lib/gcc/arm-elf/4.1.1/be\libgcc.a
LOAD d:/winarm/bin/../lib/gcc/arm-elf/4.1.1/../../../../arm-elf/lib/be\libg.a
LOAD d:/winarm/bin/../lib/gcc/arm-elf/4.1.1/../../../../arm-elf/lib/be\libc.a
END GROUP
                0x00002000                STACK_SIZE = 0x2000

.text           0x00010000      0x9e4
 *storm_startup_code.o(.text)
 .text          0x00010000      0x298 build/storm_startup_code.o
                0x00010104                reset
                0x00010000                _boot
                0x00010050                _mainCRTStartup
                0x00010104                abort
                0x00010050                _start
                0x00010104                _reset
                0x00010104                exit
                0x00010050                start
 *(.text)
 .text          0x00010298      0x6fc main.o
                0x000104a8                io_spi0_disable
                0x000102bc                io_set_gpio0_pin
                0x000102fc                io_toggle_gpio0_pin
                0x0001082c                string_cmpc
                0x00010318                io_set_gpio0_port
                0x000102d8                io_clr_gpio0_pin
                0x000104cc                io_i2c0_speed
                0x00010448                io_spi0_speed
                0x000107c4                get_adc
                0x000108ac                uart0_scanf
                0x0001048c                io_spi0_enable
                0x00010974                io_enable_xint
                0x00010454                io_spi0_trans
                0x000104f8                io_i2c0_byte_transfer
                0x00010700                set_syscpreg
                0x00010908                uart0_print_buffer
                0x00010874                uart0_printf
                0x0001092c                main
                0x00010754                long_to_hex_string
                0x00010324                io_set_pwm
                0x00010804                delay
                0x00010628                get_syscpreg
                0x000103f0                io_uart0_read_byte
                0x00010424                io_spi0_config
                0x00010408                io_uart0_send_byte
                0x00010984                io_disable_xint
                0x00010298                io_read_gpio0_pin
                0x000102b0                io_read_gpio0_port
                0x000103a0                io_get_pwm
 *(.rodata)
 .rodata        0x00010994        0x4 main.o
 *(.rodata*)
 .rodata.str1.4
                0x00010998       0x4c main.o
 *(.glue_7)
 .glue_7        0x000109e4        0x0 build/storm_startup_code.o
 .glue_7        0x000109e4        0x0 main.o
 *(.glue_7t)
 .glue_7t       0x000109e4        0x0 build/storm_startup_code.o
 .glue_7t       0x000109e4        0x0 main.o
                0x000109e4                . = ALIGN (0x4)

.ctors          0x000109e4        0x0
                0x000109e4                PROVIDE (__ctors_start__, .)
 *(SORT(.ctors.*))
 *(.ctors)
                0x000109e4                PROVIDE (__ctors_end__, .)

.dtors          0x000109e4        0x0
                0x000109e4                PROVIDE (__dtors_start__, .)
 *(SORT(.dtors.*))
 *(.dtors)
                0x000109e4                PROVIDE (__dtors_end__, .)
                0x000109e4                . = ALIGN (0x4)
                0x000109e4                _etext = .
                0x000109e4                PROVIDE (etext, .)

.data           0x00000000        0x0 load address 0x000109e4
                0x00000000                _data = .
 *(.data)
 .data          0x00000000        0x0 build/storm_startup_code.o
 .data          0x00000000        0x0 main.o
                0x00000000                . = ALIGN (0x4)
                0x00000000                _edata = .
                0x00000000                PROVIDE (edata, .)

.bss            0x00000000        0x0
                0x00000000                __bss_start = .
                0x00000000                __bss_start__ = .
 *(.bss)
 .bss           0x00000000        0x0 build/storm_startup_code.o
 .bss           0x00000000        0x0 main.o
 *(COMMON)
                0x00000000                . = ALIGN (0x4)
                0x00000000                . = ALIGN (0x4)
                0x00000000                __bss_end__ = .
                0x00000000                PROVIDE (__bss_end, .)

.stack          0x00000000     0x2000
                0x00000000                . = ALIGN (0x100)
                0x00002000                . = (. + STACK_SIZE)
 *fill*         0x00000000     0x2000 00
                0x00002000                PROVIDE (_stack, .)
                0x00002000                _end = .
                0x00002000                PROVIDE (end, .)

.stab
 *(.stab)

.stabstr
 *(.stabstr)

.stab.excl
 *(.stab.excl)

.stab.exclstr
 *(.stab.exclstr)

.stab.index
 *(.stab.index)

.stab.indexstr
 *(.stab.indexstr)

.comment        0x00000000       0x1b
 *(.comment)
 .comment       0x00000000       0x1b main.o

.debug
 *(.debug)

.line
 *(.line)

.debug_srcinfo
 *(.debug_srcinfo)

.debug_sfnames
 *(.debug_sfnames)

.debug_aranges  0x00000000       0x40
 *(.debug_aranges)
 .debug_aranges
                0x00000000       0x20 build/storm_startup_code.o
 .debug_aranges
                0x00000020       0x20 main.o

.debug_pubnames
                0x00000000      0x234
 *(.debug_pubnames)
 .debug_pubnames
                0x00000000      0x234 main.o

.debug_info     0x00000000      0x777
 *(.debug_info .gnu.linkonce.wi.*)
 .debug_info    0x00000000       0x67 build/storm_startup_code.o
 .debug_info    0x00000067      0x710 main.o

.debug_abbrev   0x00000000      0x224
 *(.debug_abbrev)
 .debug_abbrev  0x00000000       0x14 build/storm_startup_code.o
 .debug_abbrev  0x00000014      0x210 main.o

.debug_line     0x00000000      0x2c3
 *(.debug_line)
 .debug_line    0x00000000       0xec build/storm_startup_code.o
 .debug_line    0x000000ec      0x1d7 main.o

.debug_frame    0x00000000      0x22c
 *(.debug_frame)
 .debug_frame   0x00000000      0x22c main.o

.debug_str      0x00000000      0x2c1
 *(.debug_str)
 .debug_str     0x00000000      0x2c1 main.o
                                0x2fc (size before relaxing)

.debug_loc      0x00000000      0x6ac
 *(.debug_loc)
 .debug_loc     0x00000000      0x6ac main.o

.debug_macinfo
 *(.debug_macinfo)

.debug_weaknames
 *(.debug_weaknames)

.debug_funcnames
 *(.debug_funcnames)

.debug_typenames
 *(.debug_typenames)

.debug_varnames
 *(.debug_varnames)
OUTPUT(main.elf elf32-bigarm)

Cross Reference Table

Symbol                                            File
__bss_end__                                       build/storm_startup_code.o
__bss_start                                       build/storm_startup_code.o
_boot                                             build/storm_startup_code.o
_data                                             build/storm_startup_code.o
_edata                                            build/storm_startup_code.o
_etext                                            build/storm_startup_code.o
_mainCRTStartup                                   build/storm_startup_code.o
_reset                                            build/storm_startup_code.o
_stack                                            build/storm_startup_code.o
_start                                            build/storm_startup_code.o
abort                                             build/storm_startup_code.o
delay                                             main.o
exit                                              build/storm_startup_code.o
get_adc                                           main.o
get_syscpreg                                      main.o
io_clr_gpio0_pin                                  main.o
io_disable_xint                                   main.o
io_enable_xint                                    main.o
io_get_pwm                                        main.o
io_i2c0_byte_transfer                             main.o
io_i2c0_speed                                     main.o
io_read_gpio0_pin                                 main.o
io_read_gpio0_port                                main.o
io_set_gpio0_pin                                  main.o
io_set_gpio0_port                                 main.o
io_set_pwm                                        main.o
io_spi0_config                                    main.o
io_spi0_disable                                   main.o
io_spi0_enable                                    main.o
io_spi0_speed                                     main.o
io_spi0_trans                                     main.o
io_toggle_gpio0_pin                               main.o
io_uart0_read_byte                                main.o
io_uart0_send_byte                                main.o
long_to_hex_string                                main.o
main                                              main.o
                                                  build/storm_startup_code.o
reset                                             build/storm_startup_code.o
set_syscpreg                                      main.o
start                                             build/storm_startup_code.o
string_cmpc                                       main.o
uart0_print_buffer                                main.o
uart0_printf                                      main.o
uart0_scanf                                       main.o
